// Jest Snapshot v1, https://goo.gl/fbAQLP

exports[`<Main /> render 1`] = `
<div>
  <h3
    className="test-class"
  >
    Default text for testing
  </h3>
</div>
`;
